[2026-06-05 00:25:10Z INFO HostContext] No proxy settings were found based on environmental variables (http_proxy/https_proxy/HTTP_PROXY/HTTPS_PROXY)
[2026-06-05 00:25:10Z INFO HostContext] Well known directory 'Bin': 'C:\projetos\pgats-ci\bin'
[2026-06-05 00:25:10Z INFO HostContext] Well known directory 'Root': 'C:\projetos\pgats-ci'
[2026-06-05 00:25:10Z INFO HostContext] Well known config file 'Credentials': 'C:\projetos\pgats-ci\.credentials'
[2026-06-05 00:25:10Z INFO HostContext] Well known directory 'Bin': 'C:\projetos\pgats-ci\bin'
[2026-06-05 00:25:10Z INFO HostContext] Well known directory 'Root': 'C:\projetos\pgats-ci'
[2026-06-05 00:25:10Z INFO HostContext] Well known config file 'Runner': 'C:\projetos\pgats-ci\.runner'
[2026-06-05 00:25:10Z INFO Listener] Runner is built for Windows (X64) - win-x64.
[2026-06-05 00:25:10Z INFO Listener] RuntimeInformation: Microsoft Windows 10.0.26200.
[2026-06-05 00:25:10Z INFO Listener] Version: 2.334.0
[2026-06-05 00:25:10Z INFO Listener] Commit: f1995ede5d885c997d13d8eca5467c4ce97fe69c
[2026-06-05 00:25:10Z INFO Listener] Culture: pt-BR
[2026-06-05 00:25:10Z INFO Listener] UI Culture: pt-BR
[2026-06-05 00:25:10Z INFO HostContext] Well known directory 'Bin': 'C:\projetos\pgats-ci\bin'
[2026-06-05 00:25:10Z INFO HostContext] Well known directory 'Root': 'C:\projetos\pgats-ci'
[2026-06-05 00:25:10Z INFO Listener] Validating directory permissions for: 'C:\projetos\pgats-ci'
[2026-06-05 00:25:10Z INFO CommandLineParser] Parse
[2026-06-05 00:25:10Z INFO CommandLineParser] Parsing 1 args
[2026-06-05 00:25:10Z INFO CommandLineParser] parsing argument
[2026-06-05 00:25:10Z INFO CommandLineParser] HasArgs: False
[2026-06-05 00:25:10Z INFO CommandLineParser] Adding Command: run
[2026-06-05 00:25:10Z INFO Listener] Arguments parsed
[2026-06-05 00:25:10Z INFO Runner] ExecuteCommand
[2026-06-05 00:25:10Z INFO ConfigurationStore] currentAssemblyLocation: C:\projetos\pgats-ci\bin\Runner.Listener.dll
[2026-06-05 00:25:10Z INFO HostContext] Well known directory 'Bin': 'C:\projetos\pgats-ci\bin'
[2026-06-05 00:25:10Z INFO ConfigurationStore] binPath: C:\projetos\pgats-ci\bin
[2026-06-05 00:25:10Z INFO HostContext] Well known directory 'Bin': 'C:\projetos\pgats-ci\bin'
[2026-06-05 00:25:10Z INFO HostContext] Well known directory 'Root': 'C:\projetos\pgats-ci'
[2026-06-05 00:25:10Z INFO ConfigurationStore] RootFolder: C:\projetos\pgats-ci
[2026-06-05 00:25:10Z INFO HostContext] Well known directory 'Bin': 'C:\projetos\pgats-ci\bin'
[2026-06-05 00:25:10Z INFO HostContext] Well known directory 'Root': 'C:\projetos\pgats-ci'
[2026-06-05 00:25:10Z INFO HostContext] Well known config file 'Runner': 'C:\projetos\pgats-ci\.runner'
[2026-06-05 00:25:10Z INFO ConfigurationStore] ConfigFilePath: C:\projetos\pgats-ci\.runner
[2026-06-05 00:25:10Z INFO HostContext] Well known directory 'Bin': 'C:\projetos\pgats-ci\bin'
[2026-06-05 00:25:10Z INFO HostContext] Well known directory 'Root': 'C:\projetos\pgats-ci'
[2026-06-05 00:25:10Z INFO HostContext] Well known config file 'MigratedRunner': 'C:\projetos\pgats-ci\.runner_migrated'
[2026-06-05 00:25:10Z INFO ConfigurationStore] MigratedConfigFilePath: C:\projetos\pgats-ci\.runner_migrated
[2026-06-05 00:25:10Z INFO HostContext] Well known directory 'Bin': 'C:\projetos\pgats-ci\bin'
[2026-06-05 00:25:10Z INFO HostContext] Well known directory 'Root': 'C:\projetos\pgats-ci'
[2026-06-05 00:25:10Z INFO HostContext] Well known config file 'Credentials': 'C:\projetos\pgats-ci\.credentials'
[2026-06-05 00:25:10Z INFO ConfigurationStore] CredFilePath: C:\projetos\pgats-ci\.credentials
[2026-06-05 00:25:10Z INFO HostContext] Well known directory 'Bin': 'C:\projetos\pgats-ci\bin'
[2026-06-05 00:25:10Z INFO HostContext] Well known directory 'Root': 'C:\projetos\pgats-ci'
[2026-06-05 00:25:10Z INFO HostContext] Well known config file 'MigratedCredentials': 'C:\projetos\pgats-ci\.credentials_migrated'
[2026-06-05 00:25:10Z INFO ConfigurationStore] MigratedCredFilePath: C:\projetos\pgats-ci\.credentials_migrated
[2026-06-05 00:25:10Z INFO HostContext] Well known directory 'Bin': 'C:\projetos\pgats-ci\bin'
[2026-06-05 00:25:10Z INFO HostContext] Well known directory 'Root': 'C:\projetos\pgats-ci'
[2026-06-05 00:25:10Z INFO HostContext] Well known config file 'Service': 'C:\projetos\pgats-ci\.service'
[2026-06-05 00:25:10Z INFO ConfigurationStore] ServiceConfigFilePath: C:\projetos\pgats-ci\.service
[2026-06-05 00:25:10Z INFO CommandSettings] Flag 'help': 'False'
[2026-06-05 00:25:10Z INFO CommandSettings] Flag 'version': 'False'
[2026-06-05 00:25:10Z INFO CommandSettings] Flag 'commit': 'False'
[2026-06-05 00:25:10Z INFO CommandSettings] Flag 'check': 'False'
[2026-06-05 00:25:10Z INFO CommandSettings] Command 'configure': 'False'
[2026-06-05 00:25:10Z INFO CommandSettings] Command 'remove': 'False'
[2026-06-05 00:25:10Z INFO CommandSettings] Command 'warmup': 'False'
[2026-06-05 00:25:10Z INFO ConfigurationManager] LoadSettings
[2026-06-05 00:25:10Z INFO ConfigurationStore] IsConfigured()
[2026-06-05 00:25:10Z INFO ConfigurationStore] IsConfigured: True
[2026-06-05 00:25:10Z INFO ConfigurationManager] Is configured: True
[2026-06-05 00:25:10Z INFO ConfigurationStore] Read setting file: 385 chars
[2026-06-05 00:25:10Z INFO ConfigurationManager] Settings Loaded
[2026-06-05 00:25:10Z INFO ConfigurationStore] IsServiceConfigured()
[2026-06-05 00:25:10Z INFO ConfigurationStore] IsServiceConfigured: False
[2026-06-05 00:25:10Z INFO CommandSettings] Command 'run': 'True'
[2026-06-05 00:25:10Z INFO ConfigurationStore] IsConfigured()
[2026-06-05 00:25:10Z INFO ConfigurationStore] IsConfigured: True
[2026-06-05 00:25:10Z INFO ConfigurationManager] Is configured: True
[2026-06-05 00:25:10Z INFO Runner] Could not parse the argument value '' for StartupType. Defaulting to Manual
[2026-06-05 00:25:10Z INFO Runner] Set runner startup type - Manual
[2026-06-05 00:25:10Z INFO CommandSettings] Flag 'once': 'False'
[2026-06-05 00:25:10Z INFO CommandSettings] Flag 'once': 'False'
[2026-06-05 00:25:10Z INFO Runner] RunAsync
[2026-06-05 00:25:10Z INFO HostContext] Well known directory 'Bin': 'C:\projetos\pgats-ci\bin'
[2026-06-05 00:25:10Z INFO HostContext] Well known directory 'Root': 'C:\projetos\pgats-ci'
[2026-06-05 00:25:10Z INFO HostContext] Well known directory 'Work': 'C:\projetos\pgats-ci\_work'
[2026-06-05 00:25:10Z INFO Runner] Validating directory permissions for: 'C:\projetos\pgats-ci\_work'
[2026-06-05 00:25:10Z INFO ConfigurationManager] LoadMigratedSettings
[2026-06-05 00:25:10Z INFO ConfigurationStore] IsMigratedConfigured()
[2026-06-05 00:25:10Z INFO ConfigurationStore] IsMigratedConfigured: False
[2026-06-05 00:25:10Z INFO Runner] Failed to load migrated settings: No migrated configuration found.
[2026-06-05 00:25:10Z INFO Runner] Falling back to original .runner settings
[2026-06-05 00:25:10Z INFO Runner] Using BrokerMessageListener
[2026-06-05 00:25:10Z INFO BrokerMessageListener] Using provided settings
[2026-06-05 00:25:10Z INFO BrokerMessageListener] {
  "AgentId": 21,
  "AgentName": "JCP",
  "PoolId": 1,
  "PoolName": "Default",
  "ServerUrl": "https://pipelinesghubeus25.actions.githubusercontent.com/vL6DEwoN4ZjeaCYIWizP9tFtSc3niETSDtTLMmfU6PJGcFOynY/",
  "GitHubUrl": "https://github.com/vvareira/pgats-ci",
  "WorkFolder": "_work",
  "UseV2Flow": true,
  "ServerUrlV2": "https://broker.actions.githubusercontent.com/"
}
[2026-06-05 00:25:10Z INFO BrokerMessageListener] Loading Credentials
[2026-06-05 00:25:10Z INFO ConfigurationStore] HasCredentials()
[2026-06-05 00:25:10Z INFO ConfigurationStore] stored True
[2026-06-05 00:25:10Z INFO CredentialManager] GetCredentialProvider
[2026-06-05 00:25:10Z INFO CredentialManager] Creating type OAuth
[2026-06-05 00:25:10Z INFO CredentialManager] Creating credential type: OAuth
[2026-06-05 00:25:10Z INFO HostContext] Well known directory 'Bin': 'C:\projetos\pgats-ci\bin'
[2026-06-05 00:25:10Z INFO HostContext] Well known directory 'Root': 'C:\projetos\pgats-ci'
[2026-06-05 00:25:10Z INFO HostContext] Well known config file 'RSACredentials': 'C:\projetos\pgats-ci\.credentials_rsaparams'
[2026-06-05 00:25:10Z INFO RSAEncryptedFileKeyManager] Loading RSA key parameters from file C:\projetos\pgats-ci\.credentials_rsaparams
[2026-06-05 00:25:10Z INFO BrokerMessageListener] Attempt to create session.
[2026-06-05 00:25:10Z INFO BrokerMessageListener] Connecting to the Broker Server...
[2026-06-05 00:25:10Z INFO ConfigurationStore] HasCredentials()
[2026-06-05 00:25:10Z INFO ConfigurationStore] stored True
[2026-06-05 00:25:10Z INFO CredentialManager] GetCredentialProvider
[2026-06-05 00:25:10Z INFO CredentialManager] Creating type OAuth
[2026-06-05 00:25:10Z INFO CredentialManager] Creating credential type: OAuth
[2026-06-05 00:25:10Z INFO RSAEncryptedFileKeyManager] Loading RSA key parameters from file C:\projetos\pgats-ci\.credentials_rsaparams
[2026-06-05 00:25:10Z INFO BrokerMessageListener] VssConnection created
[2026-06-05 00:25:10Z INFO BrokerMessageListener] Connecting to the Runner server...
[2026-06-05 00:25:10Z INFO RunnerServer] EstablishVssConnection
[2026-06-05 00:25:10Z INFO RunnerServer] Establish connection with 100 seconds timeout.
[2026-06-05 00:25:10Z INFO GitHubActionsService] Starting operation Location.GetConnectionData
[2026-06-05 00:25:10Z INFO RunnerServer] EstablishVssConnection
[2026-06-05 00:25:10Z INFO RunnerServer] Establish connection with 60 seconds timeout.
[2026-06-05 00:25:10Z INFO GitHubActionsService] Starting operation Location.GetConnectionData
[2026-06-05 00:25:10Z INFO RunnerServer] EstablishVssConnection
[2026-06-05 00:25:10Z INFO RunnerServer] Establish connection with 60 seconds timeout.
[2026-06-05 00:25:10Z INFO GitHubActionsService] Starting operation Location.GetConnectionData
[2026-06-05 00:25:11Z INFO GitHubActionsService] Finished operation Location.GetConnectionData
[2026-06-05 00:25:11Z INFO GitHubActionsService] Finished operation Location.GetConnectionData
[2026-06-05 00:25:11Z INFO GitHubActionsService] Finished operation Location.GetConnectionData
[2026-06-05 00:25:11Z INFO BrokerMessageListener] VssConnection created
[2026-06-05 00:25:11Z INFO Terminal] WRITE LINE: 
[2026-06-05 00:25:11Z INFO Terminal] WRITE LINE: 
[2026-06-05 00:25:11Z INFO RSAEncryptedFileKeyManager] Loading RSA key parameters from file C:\projetos\pgats-ci\.credentials_rsaparams
[2026-06-05 00:25:11Z INFO RSAEncryptedFileKeyManager] Loading RSA key parameters from file C:\projetos\pgats-ci\.credentials_rsaparams
[2026-06-05 00:25:13Z INFO GitHubActionsService] AAD Correlation ID for this token request: Unknown
[2026-06-05 00:25:13Z INFO BrokerMessageListener] Session created.
[2026-06-05 00:25:13Z INFO Terminal] WRITE LINE: Current runner version: '2.334.0'
[2026-06-05 00:25:13Z INFO Terminal] WRITE LINE: 2026-06-05 00:25:13Z: Listening for Jobs
[2026-06-05 00:25:13Z INFO JobDispatcher] Set runner/worker IPC timeout to 30 seconds.
[2026-06-05 00:35:48Z INFO BrokerMessageListener] Acknowledging runner request '0f7f1221-09d8-5c62-ac0f-73a79adeba80'.
[2026-06-05 00:35:48Z INFO ConfigurationStore] HasCredentials()
[2026-06-05 00:35:48Z INFO ConfigurationStore] stored True
[2026-06-05 00:35:48Z INFO CredentialManager] GetCredentialProvider
[2026-06-05 00:35:48Z INFO CredentialManager] Creating type OAuth
[2026-06-05 00:35:48Z INFO CredentialManager] Creating credential type: OAuth
[2026-06-05 00:35:48Z INFO RSAEncryptedFileKeyManager] Loading RSA key parameters from file C:\projetos\pgats-ci\.credentials_rsaparams
[2026-06-05 00:35:48Z INFO RSAEncryptedFileKeyManager] Loading RSA key parameters from file C:\projetos\pgats-ci\.credentials_rsaparams
[2026-06-05 00:35:48Z INFO RSAEncryptedFileKeyManager] Loading RSA key parameters from file C:\projetos\pgats-ci\.credentials_rsaparams
[2026-06-05 00:35:49Z INFO GitHubActionsService] AAD Correlation ID for this token request: Unknown
[2026-06-05 00:35:50Z INFO JobDispatcher] Job request 0 for plan 1062b024-4981-4267-9551-c2fa119080c9 job 0f7f1221-09d8-5c62-ac0f-73a79adeba80 received.
[2026-06-05 00:35:50Z INFO JobDispatcher] Pull OrchestrationId 1062b024-4981-4267-9551-c2fa119080c9.e2e-tests.__default from JWT claims
[2026-06-05 00:35:50Z INFO BrokerMessageListener] Received job status event. JobState: Busy
[2026-06-05 00:35:50Z INFO BrokerMessageListener] _getMessagesTokenSource is already disposed.
[2026-06-05 00:35:50Z INFO Terminal] WRITE LINE: 2026-06-05 00:35:50Z: Running job: e2e-tests
[2026-06-05 00:35:50Z INFO JobDispatcher] Start renew job request 0 for job 0f7f1221-09d8-5c62-ac0f-73a79adeba80.
[2026-06-05 00:35:50Z INFO JobDispatcher] Successfully renew job 0f7f1221-09d8-5c62-ac0f-73a79adeba80, job is valid till 05/06/2026 00:45:50
[2026-06-05 00:35:50Z INFO HostContext] Well known directory 'Bin': 'C:\projetos\pgats-ci\bin'
[2026-06-05 00:35:50Z INFO ProcessInvokerWrapper] Starting process:
[2026-06-05 00:35:50Z INFO ProcessInvokerWrapper]   File name: 'C:\projetos\pgats-ci\bin\Runner.Worker.exe'
[2026-06-05 00:35:50Z INFO ProcessInvokerWrapper]   Arguments: 'spawnclient 1804 1920'
[2026-06-05 00:35:50Z INFO ProcessInvokerWrapper]   Working directory: 'C:\projetos\pgats-ci\bin'
[2026-06-05 00:35:50Z INFO ProcessInvokerWrapper]   Require exit code zero: 'False'
[2026-06-05 00:35:50Z INFO ProcessInvokerWrapper]   Encoding web name:  ; code page: ''
[2026-06-05 00:35:50Z INFO ProcessInvokerWrapper]   Force kill process on cancellation: 'True'
[2026-06-05 00:35:50Z INFO ProcessInvokerWrapper]   Redirected STDIN: 'False'
[2026-06-05 00:35:50Z INFO ProcessInvokerWrapper]   Persist current code page: 'False'
[2026-06-05 00:35:50Z INFO ProcessInvokerWrapper]   Keep redirected STDIN open: 'False'
[2026-06-05 00:35:50Z INFO ProcessInvokerWrapper]   High priority process: 'True'
[2026-06-05 00:35:51Z INFO ProcessInvokerWrapper] Process started with process id 1852, waiting for process exit.
[2026-06-05 00:35:51Z INFO JobDispatcher] Send job request message to worker for job 0f7f1221-09d8-5c62-ac0f-73a79adeba80.
[2026-06-05 00:35:51Z INFO ProcessChannel] Sending message of length 21706, with hash '57029fbedfed6a9252f1f6ea918b7f0ab2aaaa51bc6c195012b3e0c783fc139a'
[2026-06-05 00:35:51Z INFO JobNotification] Entering JobStarted Notification
[2026-06-05 00:35:51Z INFO JobNotification] Entering StartMonitor
[2026-06-05 00:36:51Z INFO JobDispatcher] Successfully renew job 0f7f1221-09d8-5c62-ac0f-73a79adeba80, job is valid till 05/06/2026 00:46:51
[2026-06-05 00:36:56Z INFO ProcessInvokerWrapper] STDOUT/STDERR stream read finished.
[2026-06-05 00:36:56Z INFO ProcessInvokerWrapper] STDOUT/STDERR stream read finished.
[2026-06-05 00:36:56Z INFO ProcessInvokerWrapper] Finished process 1852 with exit code 102, and elapsed time 00:01:05.7588051.
[2026-06-05 00:36:56Z INFO JobDispatcher] Worker finished for job 0f7f1221-09d8-5c62-ac0f-73a79adeba80. Code: 102
[2026-06-05 00:36:56Z INFO JobDispatcher] finish job request for job 0f7f1221-09d8-5c62-ac0f-73a79adeba80 with result: Failed
[2026-06-05 00:36:56Z INFO Terminal] WRITE LINE: 2026-06-05 00:36:56Z: Job e2e-tests completed with result: Failed
[2026-06-05 00:36:56Z INFO JobDispatcher] Stop renew job request for job 0f7f1221-09d8-5c62-ac0f-73a79adeba80.
[2026-06-05 00:36:56Z INFO JobDispatcher] job renew has been cancelled, stop renew job 0f7f1221-09d8-5c62-ac0f-73a79adeba80.
[2026-06-05 00:36:56Z INFO JobNotification] Entering JobCompleted Notification
[2026-06-05 00:36:56Z INFO JobNotification] Entering EndMonitor
[2026-06-05 00:36:56Z INFO BrokerMessageListener] Received job status event. JobState: Online
[2026-06-05 00:36:56Z WARN GitHubActionsService] GET request to https://broker.actions.githubusercontent.com/message?sessionId=7bbf886e-3527-4b71-87c1-2f5ae2b7993f&status=Busy&runnerVersion=2.334.0&os=Windows&architecture=X64&disableUpdate=false has been cancelled.
[2026-06-05 00:36:56Z ERR  BrokerServer] Catch exception during request
[2026-06-05 00:36:56Z ERR  BrokerServer] System.Threading.Tasks.TaskCanceledException: The operation was canceled.
 ---> System.Threading.Tasks.TaskCanceledException: The operation was canceled.
 ---> System.IO.IOException: Unable to read data from the transport connection: A operação de E/S foi anulada devido a uma saída de thread ou a uma requisição de aplicativo..
 ---> System.Net.Sockets.SocketException (995): A operação de E/S foi anulada devido a uma saída de thread ou a uma requisição de aplicativo.
   --- End of inner exception stack trace ---
   at System.Net.Sockets.Socket.AwaitableSocketAsyncEventArgs.ThrowException(SocketError error, CancellationToken cancellationToken)
   at System.Net.Sockets.Socket.AwaitableSocketAsyncEventArgs.System.Threading.Tasks.Sources.IValueTaskSource<System.Int32>.GetResult(Int16 token)
   at System.Net.Security.SslStream.EnsureFullTlsFrameAsync[TIOAdapter](CancellationToken cancellationToken, Int32 estimatedSize)
   at System.Runtime.CompilerServices.PoolingAsyncValueTaskMethodBuilder`1.StateMachineBox`1.System.Threading.Tasks.Sources.IValueTaskSource<TResult>.GetResult(Int16 token)
   at System.Net.Security.SslStream.ReadAsyncInternal[TIOAdapter](Memory`1 buffer, CancellationToken cancellationToken)
   at System.Runtime.CompilerServices.PoolingAsyncValueTaskMethodBuilder`1.StateMachineBox`1.System.Threading.Tasks.Sources.IValueTaskSource<TResult>.GetResult(Int16 token)
   at System.Net.Http.HttpConnection.SendAsync(HttpRequestMessage request, Boolean async, CancellationToken cancellationToken)
   --- End of inner exception stack trace ---
   at System.Net.Http.HttpConnection.SendAsync(HttpRequestMessage request, Boolean async, CancellationToken cancellationToken)
   at System.Net.Http.AuthenticationHelper.SendWithNtAuthAsync(HttpRequestMessage request, Uri authUri, Boolean async, ICredentials credentials, Boolean isProxyAuth, HttpConnection connection, HttpConnectionPool connectionPool, CancellationToken cancellationToken)
   at System.Net.Http.HttpConnectionPool.SendWithVersionDetectionAndRetryAsync(HttpRequestMessage request, Boolean async, Boolean doRequestAuth, CancellationToken cancellationToken)
   at System.Net.Http.AuthenticationHelper.SendWithAuthAsync(HttpRequestMessage request, Uri authUri, Boolean async, ICredentials credentials, Boolean preAuthenticate, Boolean isProxyAuth, Boolean doRequestAuth, HttpConnectionPool pool, CancellationToken cancellationToken)
   at System.Net.Http.RedirectHandler.SendAsync(HttpRequestMessage request, Boolean async, CancellationToken cancellationToken)
   at GitHub.Services.Common.RawHttpMessageHandler.SendAsync(HttpRequestMessage request, CancellationToken cancellationToken)
   at GitHub.Services.Common.VssHttpRetryMessageHandler.SendAsync(HttpRequestMessage request, CancellationToken cancellationToken)
   at System.Net.Http.HttpClient.<SendAsync>g__Core|83_0(HttpRequestMessage request, HttpCompletionOption completionOption, CancellationTokenSource cts, Boolean disposeCts, CancellationTokenSource pendingRequestsCts, CancellationToken originalCancellationToken)
   --- End of inner exception stack trace ---
   at System.Net.Http.HttpClient.HandleFailure(Exception e, Boolean telemetryStarted, HttpResponseMessage response, CancellationTokenSource cts, CancellationToken cancellationToken, CancellationTokenSource pendingRequestsCts)
   at System.Net.Http.HttpClient.<SendAsync>g__Core|83_0(HttpRequestMessage request, HttpCompletionOption completionOption, CancellationTokenSource cts, Boolean disposeCts, CancellationTokenSource pendingRequestsCts, CancellationToken originalCancellationToken)
   at Sdk.WebApi.WebApi.RawHttpClientBase.SendAsync(HttpRequestMessage message, HttpCompletionOption completionOption, Object userState, CancellationToken cancellationToken)
   at Sdk.WebApi.WebApi.RawHttpClientBase.SendAsync[T](HttpRequestMessage message, Boolean readErrorBody, Object userState, CancellationToken cancellationToken)
   at Sdk.WebApi.WebApi.RawHttpClientBase.SendAsync[T](HttpMethod method, IEnumerable`1 additionalHeaders, Uri requestUri, HttpContent content, IEnumerable`1 queryParameters, Boolean readErrorBody, Object userState, CancellationToken cancellationToken)
   at GitHub.Actions.RunService.WebApi.BrokerHttpClient.GetRunnerMessageAsync(Nullable`1 sessionId, String runnerVersion, Nullable`1 status, String os, String architecture, Nullable`1 disableUpdate, CancellationToken cancellationToken)
   at GitHub.Runner.Common.BrokerServer.<>c__DisplayClass7_0.<<GetRunnerMessageAsync>b__0>d.MoveNext()
--- End of stack trace from previous location ---
   at GitHub.Runner.Common.RunnerService.RetryRequest[T](Func`1 func, CancellationToken cancellationToken, Int32 maxAttempts, Func`2 shouldRetry)
[2026-06-05 00:36:56Z ERR  BrokerServer] #####################################################
[2026-06-05 00:36:56Z ERR  BrokerServer] System.Threading.Tasks.TaskCanceledException: The operation was canceled.
 ---> System.IO.IOException: Unable to read data from the transport connection: A operação de E/S foi anulada devido a uma saída de thread ou a uma requisição de aplicativo..
 ---> System.Net.Sockets.SocketException (995): A operação de E/S foi anulada devido a uma saída de thread ou a uma requisição de aplicativo.
   --- End of inner exception stack trace ---
   at System.Net.Sockets.Socket.AwaitableSocketAsyncEventArgs.ThrowException(SocketError error, CancellationToken cancellationToken)
   at System.Net.Sockets.Socket.AwaitableSocketAsyncEventArgs.System.Threading.Tasks.Sources.IValueTaskSource<System.Int32>.GetResult(Int16 token)
   at System.Net.Security.SslStream.EnsureFullTlsFrameAsync[TIOAdapter](CancellationToken cancellationToken, Int32 estimatedSize)
   at System.Runtime.CompilerServices.PoolingAsyncValueTaskMethodBuilder`1.StateMachineBox`1.System.Threading.Tasks.Sources.IValueTaskSource<TResult>.GetResult(Int16 token)
   at System.Net.Security.SslStream.ReadAsyncInternal[TIOAdapter](Memory`1 buffer, CancellationToken cancellationToken)
   at System.Runtime.CompilerServices.PoolingAsyncValueTaskMethodBuilder`1.StateMachineBox`1.System.Threading.Tasks.Sources.IValueTaskSource<TResult>.GetResult(Int16 token)
   at System.Net.Http.HttpConnection.SendAsync(HttpRequestMessage request, Boolean async, CancellationToken cancellationToken)
   --- End of inner exception stack trace ---
   at System.Net.Http.HttpConnection.SendAsync(HttpRequestMessage request, Boolean async, CancellationToken cancellationToken)
   at System.Net.Http.AuthenticationHelper.SendWithNtAuthAsync(HttpRequestMessage request, Uri authUri, Boolean async, ICredentials credentials, Boolean isProxyAuth, HttpConnection connection, HttpConnectionPool connectionPool, CancellationToken cancellationToken)
   at System.Net.Http.HttpConnectionPool.SendWithVersionDetectionAndRetryAsync(HttpRequestMessage request, Boolean async, Boolean doRequestAuth, CancellationToken cancellationToken)
   at System.Net.Http.AuthenticationHelper.SendWithAuthAsync(HttpRequestMessage request, Uri authUri, Boolean async, ICredentials credentials, Boolean preAuthenticate, Boolean isProxyAuth, Boolean doRequestAuth, HttpConnectionPool pool, CancellationToken cancellationToken)
   at System.Net.Http.RedirectHandler.SendAsync(HttpRequestMessage request, Boolean async, CancellationToken cancellationToken)
   at GitHub.Services.Common.RawHttpMessageHandler.SendAsync(HttpRequestMessage request, CancellationToken cancellationToken)
   at GitHub.Services.Common.VssHttpRetryMessageHandler.SendAsync(HttpRequestMessage request, CancellationToken cancellationToken)
   at System.Net.Http.HttpClient.<SendAsync>g__Core|83_0(HttpRequestMessage request, HttpCompletionOption completionOption, CancellationTokenSource cts, Boolean disposeCts, CancellationTokenSource pendingRequestsCts, CancellationToken originalCancellationToken)
[2026-06-05 00:36:56Z ERR  BrokerServer] #####################################################
[2026-06-05 00:36:56Z ERR  BrokerServer] System.IO.IOException: Unable to read data from the transport connection: A operação de E/S foi anulada devido a uma saída de thread ou a uma requisição de aplicativo..
 ---> System.Net.Sockets.SocketException (995): A operação de E/S foi anulada devido a uma saída de thread ou a uma requisição de aplicativo.
   --- End of inner exception stack trace ---
   at System.Net.Sockets.Socket.AwaitableSocketAsyncEventArgs.ThrowException(SocketError error, CancellationToken cancellationToken)
   at System.Net.Sockets.Socket.AwaitableSocketAsyncEventArgs.System.Threading.Tasks.Sources.IValueTaskSource<System.Int32>.GetResult(Int16 token)
   at System.Net.Security.SslStream.EnsureFullTlsFrameAsync[TIOAdapter](CancellationToken cancellationToken, Int32 estimatedSize)
   at System.Runtime.CompilerServices.PoolingAsyncValueTaskMethodBuilder`1.StateMachineBox`1.System.Threading.Tasks.Sources.IValueTaskSource<TResult>.GetResult(Int16 token)
   at System.Net.Security.SslStream.ReadAsyncInternal[TIOAdapter](Memory`1 buffer, CancellationToken cancellationToken)
   at System.Runtime.CompilerServices.PoolingAsyncValueTaskMethodBuilder`1.StateMachineBox`1.System.Threading.Tasks.Sources.IValueTaskSource<TResult>.GetResult(Int16 token)
   at System.Net.Http.HttpConnection.SendAsync(HttpRequestMessage request, Boolean async, CancellationToken cancellationToken)
[2026-06-05 00:36:56Z ERR  BrokerServer] #####################################################
[2026-06-05 00:36:56Z ERR  BrokerServer] System.Net.Sockets.SocketException (995): A operação de E/S foi anulada devido a uma saída de thread ou a uma requisição de aplicativo.
[2026-06-05 00:36:56Z WARN BrokerServer] Back off 13,858 seconds before next retry. 4 attempt left.
[2026-06-05 00:36:56Z INFO BrokerMessageListener] Get messages has been cancelled using local token source. Continue to get messages with new status.
[2026-06-05 00:54:05Z INFO BrokerMessageListener] Acknowledging runner request 'ad1db5a4-fc31-554f-b23e-b0404667caef'.
[2026-06-05 00:54:05Z INFO ConfigurationStore] HasCredentials()
[2026-06-05 00:54:05Z INFO ConfigurationStore] stored True
[2026-06-05 00:54:05Z INFO CredentialManager] GetCredentialProvider
[2026-06-05 00:54:05Z INFO CredentialManager] Creating type OAuth
[2026-06-05 00:54:05Z INFO CredentialManager] Creating credential type: OAuth
[2026-06-05 00:54:05Z INFO RSAEncryptedFileKeyManager] Loading RSA key parameters from file C:\projetos\pgats-ci\.credentials_rsaparams
[2026-06-05 00:54:05Z INFO RSAEncryptedFileKeyManager] Loading RSA key parameters from file C:\projetos\pgats-ci\.credentials_rsaparams
[2026-06-05 00:54:05Z INFO RSAEncryptedFileKeyManager] Loading RSA key parameters from file C:\projetos\pgats-ci\.credentials_rsaparams
[2026-06-05 00:54:06Z INFO GitHubActionsService] AAD Correlation ID for this token request: Unknown
[2026-06-05 00:54:07Z INFO JobDispatcher] Job request 0 for plan f711c2df-6b0a-4803-81d7-792070203945 job ad1db5a4-fc31-554f-b23e-b0404667caef received.
[2026-06-05 00:54:07Z INFO JobDispatcher] Pull OrchestrationId f711c2df-6b0a-4803-81d7-792070203945.e2e-tests.__default from JWT claims
[2026-06-05 00:54:07Z INFO BrokerMessageListener] Received job status event. JobState: Busy
[2026-06-05 00:54:07Z INFO BrokerMessageListener] _getMessagesTokenSource is already disposed.
[2026-06-05 00:54:07Z INFO JobDispatcher] Job request 0f7f1221-09d8-5c62-ac0f-73a79adeba80 processed succeed.
[2026-06-05 00:54:07Z INFO Terminal] WRITE LINE: 2026-06-05 00:54:07Z: Running job: e2e-tests
[2026-06-05 00:54:07Z INFO JobDispatcher] Start renew job request 0 for job ad1db5a4-fc31-554f-b23e-b0404667caef.
[2026-06-05 00:54:08Z INFO JobDispatcher] Successfully renew job ad1db5a4-fc31-554f-b23e-b0404667caef, job is valid till 05/06/2026 01:04:07
[2026-06-05 00:54:08Z INFO HostContext] Well known directory 'Bin': 'C:\projetos\pgats-ci\bin'
[2026-06-05 00:54:08Z INFO ProcessInvokerWrapper] Starting process:
[2026-06-05 00:54:08Z INFO ProcessInvokerWrapper]   File name: 'C:\projetos\pgats-ci\bin\Runner.Worker.exe'
[2026-06-05 00:54:08Z INFO ProcessInvokerWrapper]   Arguments: 'spawnclient 2216 2236'
[2026-06-05 00:54:08Z INFO ProcessInvokerWrapper]   Working directory: 'C:\projetos\pgats-ci\bin'
[2026-06-05 00:54:08Z INFO ProcessInvokerWrapper]   Require exit code zero: 'False'
[2026-06-05 00:54:08Z INFO ProcessInvokerWrapper]   Encoding web name:  ; code page: ''
[2026-06-05 00:54:08Z INFO ProcessInvokerWrapper]   Force kill process on cancellation: 'True'
[2026-06-05 00:54:08Z INFO ProcessInvokerWrapper]   Redirected STDIN: 'False'
[2026-06-05 00:54:08Z INFO ProcessInvokerWrapper]   Persist current code page: 'False'
[2026-06-05 00:54:08Z INFO ProcessInvokerWrapper]   Keep redirected STDIN open: 'False'
[2026-06-05 00:54:08Z INFO ProcessInvokerWrapper]   High priority process: 'True'
[2026-06-05 00:54:08Z INFO ProcessInvokerWrapper] Process started with process id 25860, waiting for process exit.
[2026-06-05 00:54:08Z INFO JobDispatcher] Send job request message to worker for job ad1db5a4-fc31-554f-b23e-b0404667caef.
[2026-06-05 00:54:08Z INFO ProcessChannel] Sending message of length 19939, with hash '7ea2575b6e08d0526f1185471309e320e8487b23139293c57e3cd140c76e9892'
[2026-06-05 00:54:08Z INFO JobNotification] Entering JobStarted Notification
[2026-06-05 00:54:08Z INFO JobNotification] Entering StartMonitor
[2026-06-05 00:54:40Z INFO ProcessInvokerWrapper] STDOUT/STDERR stream read finished.
[2026-06-05 00:54:40Z INFO ProcessInvokerWrapper] STDOUT/STDERR stream read finished.
[2026-06-05 00:54:40Z INFO ProcessInvokerWrapper] Finished process 25860 with exit code 102, and elapsed time 00:00:32.4127004.
[2026-06-05 00:54:40Z INFO JobDispatcher] Worker finished for job ad1db5a4-fc31-554f-b23e-b0404667caef. Code: 102
[2026-06-05 00:54:40Z INFO JobDispatcher] finish job request for job ad1db5a4-fc31-554f-b23e-b0404667caef with result: Failed
[2026-06-05 00:54:40Z INFO Terminal] WRITE LINE: 2026-06-05 00:54:40Z: Job e2e-tests completed with result: Failed
[2026-06-05 00:54:40Z INFO JobDispatcher] Stop renew job request for job ad1db5a4-fc31-554f-b23e-b0404667caef.
[2026-06-05 00:54:40Z INFO JobDispatcher] job renew has been cancelled, stop renew job ad1db5a4-fc31-554f-b23e-b0404667caef.
[2026-06-05 00:54:40Z INFO JobNotification] Entering JobCompleted Notification
[2026-06-05 00:54:40Z INFO JobNotification] Entering EndMonitor
[2026-06-05 00:54:40Z INFO BrokerMessageListener] Received job status event. JobState: Online
[2026-06-05 00:54:40Z WARN GitHubActionsService] GET request to https://broker.actions.githubusercontent.com/message?sessionId=7bbf886e-3527-4b71-87c1-2f5ae2b7993f&status=Busy&runnerVersion=2.334.0&os=Windows&architecture=X64&disableUpdate=false has been cancelled.
[2026-06-05 00:54:40Z ERR  BrokerServer] Catch exception during request
[2026-06-05 00:54:40Z ERR  BrokerServer] System.Threading.Tasks.TaskCanceledException: The operation was canceled.
 ---> System.Threading.Tasks.TaskCanceledException: The operation was canceled.
 ---> System.IO.IOException: Unable to read data from the transport connection: A operação de E/S foi anulada devido a uma saída de thread ou a uma requisição de aplicativo..
 ---> System.Net.Sockets.SocketException (995): A operação de E/S foi anulada devido a uma saída de thread ou a uma requisição de aplicativo.
   --- End of inner exception stack trace ---
   at System.Net.Sockets.Socket.AwaitableSocketAsyncEventArgs.System.Threading.Tasks.Sources.IValueTaskSource<System.Int32>.GetResult(Int16 token)
   at System.Net.Security.SslStream.EnsureFullTlsFrameAsync[TIOAdapter](CancellationToken cancellationToken, Int32 estimatedSize)
   at System.Runtime.CompilerServices.PoolingAsyncValueTaskMethodBuilder`1.StateMachineBox`1.System.Threading.Tasks.Sources.IValueTaskSource<TResult>.GetResult(Int16 token)
   at System.Net.Security.SslStream.ReadAsyncInternal[TIOAdapter](Memory`1 buffer, CancellationToken cancellationToken)
   at System.Runtime.CompilerServices.PoolingAsyncValueTaskMethodBuilder`1.StateMachineBox`1.System.Threading.Tasks.Sources.IValueTaskSource<TResult>.GetResult(Int16 token)
   at System.Net.Http.HttpConnection.SendAsync(HttpRequestMessage request, Boolean async, CancellationToken cancellationToken)
   --- End of inner exception stack trace ---
   at System.Net.Http.HttpConnection.SendAsync(HttpRequestMessage request, Boolean async, CancellationToken cancellationToken)
   at System.Net.Http.AuthenticationHelper.SendWithNtAuthAsync(HttpRequestMessage request, Uri authUri, Boolean async, ICredentials credentials, Boolean isProxyAuth, HttpConnection connection, HttpConnectionPool connectionPool, CancellationToken cancellationToken)
   at System.Net.Http.HttpConnectionPool.SendWithVersionDetectionAndRetryAsync(HttpRequestMessage request, Boolean async, Boolean doRequestAuth, CancellationToken cancellationToken)
   at System.Net.Http.AuthenticationHelper.SendWithAuthAsync(HttpRequestMessage request, Uri authUri, Boolean async, ICredentials credentials, Boolean preAuthenticate, Boolean isProxyAuth, Boolean doRequestAuth, HttpConnectionPool pool, CancellationToken cancellationToken)
   at System.Net.Http.RedirectHandler.SendAsync(HttpRequestMessage request, Boolean async, CancellationToken cancellationToken)
   at GitHub.Services.Common.RawHttpMessageHandler.SendAsync(HttpRequestMessage request, CancellationToken cancellationToken)
   at GitHub.Services.Common.VssHttpRetryMessageHandler.SendAsync(HttpRequestMessage request, CancellationToken cancellationToken)
   at System.Net.Http.HttpClient.<SendAsync>g__Core|83_0(HttpRequestMessage request, HttpCompletionOption completionOption, CancellationTokenSource cts, Boolean disposeCts, CancellationTokenSource pendingRequestsCts, CancellationToken originalCancellationToken)
   --- End of inner exception stack trace ---
   at System.Net.Http.HttpClient.HandleFailure(Exception e, Boolean telemetryStarted, HttpResponseMessage response, CancellationTokenSource cts, CancellationToken cancellationToken, CancellationTokenSource pendingRequestsCts)
   at System.Net.Http.HttpClient.<SendAsync>g__Core|83_0(HttpRequestMessage request, HttpCompletionOption completionOption, CancellationTokenSource cts, Boolean disposeCts, CancellationTokenSource pendingRequestsCts, CancellationToken originalCancellationToken)
   at Sdk.WebApi.WebApi.RawHttpClientBase.SendAsync(HttpRequestMessage message, HttpCompletionOption completionOption, Object userState, CancellationToken cancellationToken)
   at Sdk.WebApi.WebApi.RawHttpClientBase.SendAsync[T](HttpRequestMessage message, Boolean readErrorBody, Object userState, CancellationToken cancellationToken)
   at Sdk.WebApi.WebApi.RawHttpClientBase.SendAsync[T](HttpMethod method, IEnumerable`1 additionalHeaders, Uri requestUri, HttpContent content, IEnumerable`1 queryParameters, Boolean readErrorBody, Object userState, CancellationToken cancellationToken)
   at GitHub.Actions.RunService.WebApi.BrokerHttpClient.GetRunnerMessageAsync(Nullable`1 sessionId, String runnerVersion, Nullable`1 status, String os, String architecture, Nullable`1 disableUpdate, CancellationToken cancellationToken)
   at GitHub.Runner.Common.BrokerServer.<>c__DisplayClass7_0.<<GetRunnerMessageAsync>b__0>d.MoveNext()
--- End of stack trace from previous location ---
   at GitHub.Runner.Common.RunnerService.RetryRequest[T](Func`1 func, CancellationToken cancellationToken, Int32 maxAttempts, Func`2 shouldRetry)
[2026-06-05 00:54:40Z ERR  BrokerServer] #####################################################
[2026-06-05 00:54:40Z ERR  BrokerServer] System.Threading.Tasks.TaskCanceledException: The operation was canceled.
 ---> System.IO.IOException: Unable to read data from the transport connection: A operação de E/S foi anulada devido a uma saída de thread ou a uma requisição de aplicativo..
 ---> System.Net.Sockets.SocketException (995): A operação de E/S foi anulada devido a uma saída de thread ou a uma requisição de aplicativo.
   --- End of inner exception stack trace ---
   at System.Net.Sockets.Socket.AwaitableSocketAsyncEventArgs.System.Threading.Tasks.Sources.IValueTaskSource<System.Int32>.GetResult(Int16 token)
   at System.Net.Security.SslStream.EnsureFullTlsFrameAsync[TIOAdapter](CancellationToken cancellationToken, Int32 estimatedSize)
   at System.Runtime.CompilerServices.PoolingAsyncValueTaskMethodBuilder`1.StateMachineBox`1.System.Threading.Tasks.Sources.IValueTaskSource<TResult>.GetResult(Int16 token)
   at System.Net.Security.SslStream.ReadAsyncInternal[TIOAdapter](Memory`1 buffer, CancellationToken cancellationToken)
   at System.Runtime.CompilerServices.PoolingAsyncValueTaskMethodBuilder`1.StateMachineBox`1.System.Threading.Tasks.Sources.IValueTaskSource<TResult>.GetResult(Int16 token)
   at System.Net.Http.HttpConnection.SendAsync(HttpRequestMessage request, Boolean async, CancellationToken cancellationToken)
   --- End of inner exception stack trace ---
   at System.Net.Http.HttpConnection.SendAsync(HttpRequestMessage request, Boolean async, CancellationToken cancellationToken)
   at System.Net.Http.AuthenticationHelper.SendWithNtAuthAsync(HttpRequestMessage request, Uri authUri, Boolean async, ICredentials credentials, Boolean isProxyAuth, HttpConnection connection, HttpConnectionPool connectionPool, CancellationToken cancellationToken)
   at System.Net.Http.HttpConnectionPool.SendWithVersionDetectionAndRetryAsync(HttpRequestMessage request, Boolean async, Boolean doRequestAuth, CancellationToken cancellationToken)
   at System.Net.Http.AuthenticationHelper.SendWithAuthAsync(HttpRequestMessage request, Uri authUri, Boolean async, ICredentials credentials, Boolean preAuthenticate, Boolean isProxyAuth, Boolean doRequestAuth, HttpConnectionPool pool, CancellationToken cancellationToken)
   at System.Net.Http.RedirectHandler.SendAsync(HttpRequestMessage request, Boolean async, CancellationToken cancellationToken)
   at GitHub.Services.Common.RawHttpMessageHandler.SendAsync(HttpRequestMessage request, CancellationToken cancellationToken)
   at GitHub.Services.Common.VssHttpRetryMessageHandler.SendAsync(HttpRequestMessage request, CancellationToken cancellationToken)
   at System.Net.Http.HttpClient.<SendAsync>g__Core|83_0(HttpRequestMessage request, HttpCompletionOption completionOption, CancellationTokenSource cts, Boolean disposeCts, CancellationTokenSource pendingRequestsCts, CancellationToken originalCancellationToken)
[2026-06-05 00:54:40Z ERR  BrokerServer] #####################################################
[2026-06-05 00:54:40Z ERR  BrokerServer] System.IO.IOException: Unable to read data from the transport connection: A operação de E/S foi anulada devido a uma saída de thread ou a uma requisição de aplicativo..
 ---> System.Net.Sockets.SocketException (995): A operação de E/S foi anulada devido a uma saída de thread ou a uma requisição de aplicativo.
   --- End of inner exception stack trace ---
   at System.Net.Sockets.Socket.AwaitableSocketAsyncEventArgs.System.Threading.Tasks.Sources.IValueTaskSource<System.Int32>.GetResult(Int16 token)
   at System.Net.Security.SslStream.EnsureFullTlsFrameAsync[TIOAdapter](CancellationToken cancellationToken, Int32 estimatedSize)
   at System.Runtime.CompilerServices.PoolingAsyncValueTaskMethodBuilder`1.StateMachineBox`1.System.Threading.Tasks.Sources.IValueTaskSource<TResult>.GetResult(Int16 token)
   at System.Net.Security.SslStream.ReadAsyncInternal[TIOAdapter](Memory`1 buffer, CancellationToken cancellationToken)
   at System.Runtime.CompilerServices.PoolingAsyncValueTaskMethodBuilder`1.StateMachineBox`1.System.Threading.Tasks.Sources.IValueTaskSource<TResult>.GetResult(Int16 token)
   at System.Net.Http.HttpConnection.SendAsync(HttpRequestMessage request, Boolean async, CancellationToken cancellationToken)
[2026-06-05 00:54:40Z ERR  BrokerServer] #####################################################
[2026-06-05 00:54:40Z ERR  BrokerServer] System.Net.Sockets.SocketException (995): A operação de E/S foi anulada devido a uma saída de thread ou a uma requisição de aplicativo.
[2026-06-05 00:54:40Z WARN BrokerServer] Back off 14,91 seconds before next retry. 4 attempt left.
[2026-06-05 00:54:40Z INFO BrokerMessageListener] Get messages has been cancelled using local token source. Continue to get messages with new status.
[2026-06-05 00:59:55Z INFO BrokerMessageListener] Acknowledging runner request '797a5c84-db85-5814-a265-14f0a304cf06'.
[2026-06-05 00:59:56Z INFO ConfigurationStore] HasCredentials()
[2026-06-05 00:59:56Z INFO ConfigurationStore] stored True
[2026-06-05 00:59:56Z INFO CredentialManager] GetCredentialProvider
[2026-06-05 00:59:56Z INFO CredentialManager] Creating type OAuth
[2026-06-05 00:59:56Z INFO CredentialManager] Creating credential type: OAuth
[2026-06-05 00:59:56Z INFO RSAEncryptedFileKeyManager] Loading RSA key parameters from file C:\projetos\pgats-ci\.credentials_rsaparams
[2026-06-05 00:59:56Z INFO RSAEncryptedFileKeyManager] Loading RSA key parameters from file C:\projetos\pgats-ci\.credentials_rsaparams
[2026-06-05 00:59:56Z INFO RSAEncryptedFileKeyManager] Loading RSA key parameters from file C:\projetos\pgats-ci\.credentials_rsaparams
[2026-06-05 00:59:56Z INFO GitHubActionsService] AAD Correlation ID for this token request: Unknown
[2026-06-05 00:59:57Z INFO JobDispatcher] Job request 0 for plan 2c2ffb57-3237-45c1-9aae-6fae97149456 job 797a5c84-db85-5814-a265-14f0a304cf06 received.
[2026-06-05 00:59:57Z INFO JobDispatcher] Pull OrchestrationId 2c2ffb57-3237-45c1-9aae-6fae97149456.e2e-tests.__default from JWT claims
[2026-06-05 00:59:57Z INFO BrokerMessageListener] Received job status event. JobState: Busy
[2026-06-05 00:59:57Z INFO BrokerMessageListener] _getMessagesTokenSource is already disposed.
[2026-06-05 00:59:57Z INFO JobDispatcher] Job request ad1db5a4-fc31-554f-b23e-b0404667caef processed succeed.
[2026-06-05 00:59:57Z INFO Terminal] WRITE LINE: 2026-06-05 00:59:57Z: Running job: e2e-tests
[2026-06-05 00:59:57Z INFO JobDispatcher] Start renew job request 0 for job 797a5c84-db85-5814-a265-14f0a304cf06.
[2026-06-05 00:59:58Z INFO JobDispatcher] Successfully renew job 797a5c84-db85-5814-a265-14f0a304cf06, job is valid till 05/06/2026 01:09:58
[2026-06-05 00:59:58Z INFO HostContext] Well known directory 'Bin': 'C:\projetos\pgats-ci\bin'
[2026-06-05 00:59:58Z INFO ProcessInvokerWrapper] Starting process:
[2026-06-05 00:59:58Z INFO ProcessInvokerWrapper]   File name: 'C:\projetos\pgats-ci\bin\Runner.Worker.exe'
[2026-06-05 00:59:58Z INFO ProcessInvokerWrapper]   Arguments: 'spawnclient 2616 2628'
[2026-06-05 00:59:58Z INFO ProcessInvokerWrapper]   Working directory: 'C:\projetos\pgats-ci\bin'
[2026-06-05 00:59:58Z INFO ProcessInvokerWrapper]   Require exit code zero: 'False'
[2026-06-05 00:59:58Z INFO ProcessInvokerWrapper]   Encoding web name:  ; code page: ''
[2026-06-05 00:59:58Z INFO ProcessInvokerWrapper]   Force kill process on cancellation: 'True'
[2026-06-05 00:59:58Z INFO ProcessInvokerWrapper]   Redirected STDIN: 'False'
[2026-06-05 00:59:58Z INFO ProcessInvokerWrapper]   Persist current code page: 'False'
[2026-06-05 00:59:58Z INFO ProcessInvokerWrapper]   Keep redirected STDIN open: 'False'
[2026-06-05 00:59:58Z INFO ProcessInvokerWrapper]   High priority process: 'True'
[2026-06-05 00:59:58Z INFO ProcessInvokerWrapper] Process started with process id 32752, waiting for process exit.
[2026-06-05 00:59:58Z INFO JobDispatcher] Send job request message to worker for job 797a5c84-db85-5814-a265-14f0a304cf06.
[2026-06-05 00:59:58Z INFO ProcessChannel] Sending message of length 19794, with hash '33438d43e739bb884da1e8c6f01dc27544320b8f67c9d7c2ebe94655df561930'
[2026-06-05 00:59:58Z INFO JobNotification] Entering JobStarted Notification
[2026-06-05 00:59:58Z INFO JobNotification] Entering StartMonitor
[2026-06-05 01:00:30Z INFO ProcessInvokerWrapper] STDOUT/STDERR stream read finished.
[2026-06-05 01:00:30Z INFO ProcessInvokerWrapper] STDOUT/STDERR stream read finished.
[2026-06-05 01:00:30Z INFO ProcessInvokerWrapper] Finished process 32752 with exit code 100, and elapsed time 00:00:31.7027459.
[2026-06-05 01:00:30Z INFO JobDispatcher] Worker finished for job 797a5c84-db85-5814-a265-14f0a304cf06. Code: 100
[2026-06-05 01:00:30Z INFO JobDispatcher] finish job request for job 797a5c84-db85-5814-a265-14f0a304cf06 with result: Succeeded
[2026-06-05 01:00:30Z INFO Terminal] WRITE LINE: 2026-06-05 01:00:30Z: Job e2e-tests completed with result: Succeeded
[2026-06-05 01:00:30Z INFO JobDispatcher] Stop renew job request for job 797a5c84-db85-5814-a265-14f0a304cf06.
[2026-06-05 01:00:30Z INFO JobDispatcher] job renew has been cancelled, stop renew job 797a5c84-db85-5814-a265-14f0a304cf06.
[2026-06-05 01:00:30Z INFO JobNotification] Entering JobCompleted Notification
[2026-06-05 01:00:30Z INFO JobNotification] Entering EndMonitor
[2026-06-05 01:00:30Z INFO BrokerMessageListener] Received job status event. JobState: Online
[2026-06-05 01:00:30Z WARN GitHubActionsService] GET request to https://broker.actions.githubusercontent.com/message?sessionId=7bbf886e-3527-4b71-87c1-2f5ae2b7993f&status=Busy&runnerVersion=2.334.0&os=Windows&architecture=X64&disableUpdate=false has been cancelled.
[2026-06-05 01:00:30Z ERR  BrokerServer] Catch exception during request
[2026-06-05 01:00:30Z ERR  BrokerServer] System.Threading.Tasks.TaskCanceledException: The operation was canceled.
 ---> System.Threading.Tasks.TaskCanceledException: The operation was canceled.
 ---> System.IO.IOException: Unable to read data from the transport connection: A operação de E/S foi anulada devido a uma saída de thread ou a uma requisição de aplicativo..
 ---> System.Net.Sockets.SocketException (995): A operação de E/S foi anulada devido a uma saída de thread ou a uma requisição de aplicativo.
   --- End of inner exception stack trace ---
   at System.Net.Sockets.Socket.AwaitableSocketAsyncEventArgs.System.Threading.Tasks.Sources.IValueTaskSource<System.Int32>.GetResult(Int16 token)
   at System.Net.Security.SslStream.EnsureFullTlsFrameAsync[TIOAdapter](CancellationToken cancellationToken, Int32 estimatedSize)
   at System.Runtime.CompilerServices.PoolingAsyncValueTaskMethodBuilder`1.StateMachineBox`1.System.Threading.Tasks.Sources.IValueTaskSource<TResult>.GetResult(Int16 token)
   at System.Net.Security.SslStream.ReadAsyncInternal[TIOAdapter](Memory`1 buffer, CancellationToken cancellationToken)
   at System.Runtime.CompilerServices.PoolingAsyncValueTaskMethodBuilder`1.StateMachineBox`1.System.Threading.Tasks.Sources.IValueTaskSource<TResult>.GetResult(Int16 token)
   at System.Net.Http.HttpConnection.SendAsync(HttpRequestMessage request, Boolean async, CancellationToken cancellationToken)
   --- End of inner exception stack trace ---
   at System.Net.Http.HttpConnection.SendAsync(HttpRequestMessage request, Boolean async, CancellationToken cancellationToken)
   at System.Net.Http.AuthenticationHelper.SendWithNtAuthAsync(HttpRequestMessage request, Uri authUri, Boolean async, ICredentials credentials, Boolean isProxyAuth, HttpConnection connection, HttpConnectionPool connectionPool, CancellationToken cancellationToken)
   at System.Net.Http.HttpConnectionPool.SendWithVersionDetectionAndRetryAsync(HttpRequestMessage request, Boolean async, Boolean doRequestAuth, CancellationToken cancellationToken)
   at System.Net.Http.AuthenticationHelper.SendWithAuthAsync(HttpRequestMessage request, Uri authUri, Boolean async, ICredentials credentials, Boolean preAuthenticate, Boolean isProxyAuth, Boolean doRequestAuth, HttpConnectionPool pool, CancellationToken cancellationToken)
   at System.Net.Http.RedirectHandler.SendAsync(HttpRequestMessage request, Boolean async, CancellationToken cancellationToken)
   at GitHub.Services.Common.RawHttpMessageHandler.SendAsync(HttpRequestMessage request, CancellationToken cancellationToken)
   at GitHub.Services.Common.VssHttpRetryMessageHandler.SendAsync(HttpRequestMessage request, CancellationToken cancellationToken)
   at System.Net.Http.HttpClient.<SendAsync>g__Core|83_0(HttpRequestMessage request, HttpCompletionOption completionOption, CancellationTokenSource cts, Boolean disposeCts, CancellationTokenSource pendingRequestsCts, CancellationToken originalCancellationToken)
   --- End of inner exception stack trace ---
   at System.Net.Http.HttpClient.HandleFailure(Exception e, Boolean telemetryStarted, HttpResponseMessage response, CancellationTokenSource cts, CancellationToken cancellationToken, CancellationTokenSource pendingRequestsCts)
   at System.Net.Http.HttpClient.<SendAsync>g__Core|83_0(HttpRequestMessage request, HttpCompletionOption completionOption, CancellationTokenSource cts, Boolean disposeCts, CancellationTokenSource pendingRequestsCts, CancellationToken originalCancellationToken)
   at Sdk.WebApi.WebApi.RawHttpClientBase.SendAsync(HttpRequestMessage message, HttpCompletionOption completionOption, Object userState, CancellationToken cancellationToken)
   at Sdk.WebApi.WebApi.RawHttpClientBase.SendAsync[T](HttpRequestMessage message, Boolean readErrorBody, Object userState, CancellationToken cancellationToken)
   at Sdk.WebApi.WebApi.RawHttpClientBase.SendAsync[T](HttpMethod method, IEnumerable`1 additionalHeaders, Uri requestUri, HttpContent content, IEnumerable`1 queryParameters, Boolean readErrorBody, Object userState, CancellationToken cancellationToken)
   at GitHub.Actions.RunService.WebApi.BrokerHttpClient.GetRunnerMessageAsync(Nullable`1 sessionId, String runnerVersion, Nullable`1 status, String os, String architecture, Nullable`1 disableUpdate, CancellationToken cancellationToken)
   at GitHub.Runner.Common.BrokerServer.<>c__DisplayClass7_0.<<GetRunnerMessageAsync>b__0>d.MoveNext()
--- End of stack trace from previous location ---
   at GitHub.Runner.Common.RunnerService.RetryRequest[T](Func`1 func, CancellationToken cancellationToken, Int32 maxAttempts, Func`2 shouldRetry)
[2026-06-05 01:00:30Z ERR  BrokerServer] #####################################################
[2026-06-05 01:00:30Z ERR  BrokerServer] System.Threading.Tasks.TaskCanceledException: The operation was canceled.
 ---> System.IO.IOException: Unable to read data from the transport connection: A operação de E/S foi anulada devido a uma saída de thread ou a uma requisição de aplicativo..
 ---> System.Net.Sockets.SocketException (995): A operação de E/S foi anulada devido a uma saída de thread ou a uma requisição de aplicativo.
   --- End of inner exception stack trace ---
   at System.Net.Sockets.Socket.AwaitableSocketAsyncEventArgs.System.Threading.Tasks.Sources.IValueTaskSource<System.Int32>.GetResult(Int16 token)
   at System.Net.Security.SslStream.EnsureFullTlsFrameAsync[TIOAdapter](CancellationToken cancellationToken, Int32 estimatedSize)
   at System.Runtime.CompilerServices.PoolingAsyncValueTaskMethodBuilder`1.StateMachineBox`1.System.Threading.Tasks.Sources.IValueTaskSource<TResult>.GetResult(Int16 token)
   at System.Net.Security.SslStream.ReadAsyncInternal[TIOAdapter](Memory`1 buffer, CancellationToken cancellationToken)
   at System.Runtime.CompilerServices.PoolingAsyncValueTaskMethodBuilder`1.StateMachineBox`1.System.Threading.Tasks.Sources.IValueTaskSource<TResult>.GetResult(Int16 token)
   at System.Net.Http.HttpConnection.SendAsync(HttpRequestMessage request, Boolean async, CancellationToken cancellationToken)
   --- End of inner exception stack trace ---
   at System.Net.Http.HttpConnection.SendAsync(HttpRequestMessage request, Boolean async, CancellationToken cancellationToken)
   at System.Net.Http.AuthenticationHelper.SendWithNtAuthAsync(HttpRequestMessage request, Uri authUri, Boolean async, ICredentials credentials, Boolean isProxyAuth, HttpConnection connection, HttpConnectionPool connectionPool, CancellationToken cancellationToken)
   at System.Net.Http.HttpConnectionPool.SendWithVersionDetectionAndRetryAsync(HttpRequestMessage request, Boolean async, Boolean doRequestAuth, CancellationToken cancellationToken)
   at System.Net.Http.AuthenticationHelper.SendWithAuthAsync(HttpRequestMessage request, Uri authUri, Boolean async, ICredentials credentials, Boolean preAuthenticate, Boolean isProxyAuth, Boolean doRequestAuth, HttpConnectionPool pool, CancellationToken cancellationToken)
   at System.Net.Http.RedirectHandler.SendAsync(HttpRequestMessage request, Boolean async, CancellationToken cancellationToken)
   at GitHub.Services.Common.RawHttpMessageHandler.SendAsync(HttpRequestMessage request, CancellationToken cancellationToken)
   at GitHub.Services.Common.VssHttpRetryMessageHandler.SendAsync(HttpRequestMessage request, CancellationToken cancellationToken)
   at System.Net.Http.HttpClient.<SendAsync>g__Core|83_0(HttpRequestMessage request, HttpCompletionOption completionOption, CancellationTokenSource cts, Boolean disposeCts, CancellationTokenSource pendingRequestsCts, CancellationToken originalCancellationToken)
[2026-06-05 01:00:30Z ERR  BrokerServer] #####################################################
[2026-06-05 01:00:30Z ERR  BrokerServer] System.IO.IOException: Unable to read data from the transport connection: A operação de E/S foi anulada devido a uma saída de thread ou a uma requisição de aplicativo..
 ---> System.Net.Sockets.SocketException (995): A operação de E/S foi anulada devido a uma saída de thread ou a uma requisição de aplicativo.
   --- End of inner exception stack trace ---
   at System.Net.Sockets.Socket.AwaitableSocketAsyncEventArgs.System.Threading.Tasks.Sources.IValueTaskSource<System.Int32>.GetResult(Int16 token)
   at System.Net.Security.SslStream.EnsureFullTlsFrameAsync[TIOAdapter](CancellationToken cancellationToken, Int32 estimatedSize)
   at System.Runtime.CompilerServices.PoolingAsyncValueTaskMethodBuilder`1.StateMachineBox`1.System.Threading.Tasks.Sources.IValueTaskSource<TResult>.GetResult(Int16 token)
   at System.Net.Security.SslStream.ReadAsyncInternal[TIOAdapter](Memory`1 buffer, CancellationToken cancellationToken)
   at System.Runtime.CompilerServices.PoolingAsyncValueTaskMethodBuilder`1.StateMachineBox`1.System.Threading.Tasks.Sources.IValueTaskSource<TResult>.GetResult(Int16 token)
   at System.Net.Http.HttpConnection.SendAsync(HttpRequestMessage request, Boolean async, CancellationToken cancellationToken)
[2026-06-05 01:00:30Z ERR  BrokerServer] #####################################################
[2026-06-05 01:00:30Z ERR  BrokerServer] System.Net.Sockets.SocketException (995): A operação de E/S foi anulada devido a uma saída de thread ou a uma requisição de aplicativo.
[2026-06-05 01:00:30Z WARN BrokerServer] Back off 11,356 seconds before next retry. 4 attempt left.
[2026-06-05 01:00:30Z INFO BrokerMessageListener] Get messages has been cancelled using local token source. Continue to get messages with new status.
[2026-06-05 01:15:35Z INFO RSAEncryptedFileKeyManager] Loading RSA key parameters from file C:\projetos\pgats-ci\.credentials_rsaparams
[2026-06-05 01:15:36Z INFO GitHubActionsService] AAD Correlation ID for this token request: Unknown
[2026-06-05 01:21:15Z INFO HostContext] Runner will be shutdown for UserCancelled
[2026-06-05 01:21:15Z WARN GitHubActionsService] GET request to https://broker.actions.githubusercontent.com/message?sessionId=7bbf886e-3527-4b71-87c1-2f5ae2b7993f&status=Online&runnerVersion=2.334.0&os=Windows&architecture=X64&disableUpdate=false has been cancelled.
[2026-06-05 01:21:15Z ERR  BrokerServer] Catch exception during request
[2026-06-05 01:21:16Z ERR  BrokerServer] System.Threading.Tasks.TaskCanceledException: The operation was canceled.
 ---> System.Threading.Tasks.TaskCanceledException: The operation was canceled.
 ---> System.IO.IOException: Unable to read data from the transport connection: A operação de E/S foi anulada devido a uma saída de thread ou a uma requisição de aplicativo..
 ---> System.Net.Sockets.SocketException (995): A operação de E/S foi anulada devido a uma saída de thread ou a uma requisição de aplicativo.
   --- End of inner exception stack trace ---
   at System.Net.Sockets.Socket.AwaitableSocketAsyncEventArgs.System.Threading.Tasks.Sources.IValueTaskSource<System.Int32>.GetResult(Int16 token)
   at System.Net.Security.SslStream.EnsureFullTlsFrameAsync[TIOAdapter](CancellationToken cancellationToken, Int32 estimatedSize)
   at System.Runtime.CompilerServices.PoolingAsyncValueTaskMethodBuilder`1.StateMachineBox`1.System.Threading.Tasks.Sources.IValueTaskSource<TResult>.GetResult(Int16 token)
   at System.Net.Security.SslStream.ReadAsyncInternal[TIOAdapter](Memory`1 buffer, CancellationToken cancellationToken)
   at System.Runtime.CompilerServices.PoolingAsyncValueTaskMethodBuilder`1.StateMachineBox`1.System.Threading.Tasks.Sources.IValueTaskSource<TResult>.GetResult(Int16 token)
   at System.Net.Http.HttpConnection.SendAsync(HttpRequestMessage request, Boolean async, CancellationToken cancellationToken)
   --- End of inner exception stack trace ---
   at System.Net.Http.HttpConnection.SendAsync(HttpRequestMessage request, Boolean async, CancellationToken cancellationToken)
   at System.Net.Http.AuthenticationHelper.SendWithNtAuthAsync(HttpRequestMessage request, Uri authUri, Boolean async, ICredentials credentials, Boolean isProxyAuth, HttpConnection connection, HttpConnectionPool connectionPool, CancellationToken cancellationToken)
   at System.Net.Http.HttpConnectionPool.SendWithVersionDetectionAndRetryAsync(HttpRequestMessage request, Boolean async, Boolean doRequestAuth, CancellationToken cancellationToken)
   at System.Net.Http.AuthenticationHelper.SendWithAuthAsync(HttpRequestMessage request, Uri authUri, Boolean async, ICredentials credentials, Boolean preAuthenticate, Boolean isProxyAuth, Boolean doRequestAuth, HttpConnectionPool pool, CancellationToken cancellationToken)
   at System.Net.Http.RedirectHandler.SendAsync(HttpRequestMessage request, Boolean async, CancellationToken cancellationToken)
   at GitHub.Services.Common.RawHttpMessageHandler.SendAsync(HttpRequestMessage request, CancellationToken cancellationToken)
   at GitHub.Services.Common.VssHttpRetryMessageHandler.SendAsync(HttpRequestMessage request, CancellationToken cancellationToken)
   at System.Net.Http.HttpClient.<SendAsync>g__Core|83_0(HttpRequestMessage request, HttpCompletionOption completionOption, CancellationTokenSource cts, Boolean disposeCts, CancellationTokenSource pendingRequestsCts, CancellationToken originalCancellationToken)
   --- End of inner exception stack trace ---
   at System.Net.Http.HttpClient.HandleFailure(Exception e, Boolean telemetryStarted, HttpResponseMessage response, CancellationTokenSource cts, CancellationToken cancellationToken, CancellationTokenSource pendingRequestsCts)
   at System.Net.Http.HttpClient.<SendAsync>g__Core|83_0(HttpRequestMessage request, HttpCompletionOption completionOption, CancellationTokenSource cts, Boolean disposeCts, CancellationTokenSource pendingRequestsCts, CancellationToken originalCancellationToken)
   at Sdk.WebApi.WebApi.RawHttpClientBase.SendAsync(HttpRequestMessage message, HttpCompletionOption completionOption, Object userState, CancellationToken cancellationToken)
   at Sdk.WebApi.WebApi.RawHttpClientBase.SendAsync[T](HttpRequestMessage message, Boolean readErrorBody, Object userState, CancellationToken cancellationToken)
   at Sdk.WebApi.WebApi.RawHttpClientBase.SendAsync[T](HttpMethod method, IEnumerable`1 additionalHeaders, Uri requestUri, HttpContent content, IEnumerable`1 queryParameters, Boolean readErrorBody, Object userState, CancellationToken cancellationToken)
   at GitHub.Actions.RunService.WebApi.BrokerHttpClient.GetRunnerMessageAsync(Nullable`1 sessionId, String runnerVersion, Nullable`1 status, String os, String architecture, Nullable`1 disableUpdate, CancellationToken cancellationToken)
   at GitHub.Runner.Common.BrokerServer.<>c__DisplayClass7_0.<<GetRunnerMessageAsync>b__0>d.MoveNext()
--- End of stack trace from previous location ---
   at GitHub.Runner.Common.RunnerService.RetryRequest[T](Func`1 func, CancellationToken cancellationToken, Int32 maxAttempts, Func`2 shouldRetry)
[2026-06-05 01:21:16Z ERR  BrokerServer] #####################################################
[2026-06-05 01:21:16Z ERR  BrokerServer] System.Threading.Tasks.TaskCanceledException: The operation was canceled.
 ---> System.IO.IOException: Unable to read data from the transport connection: A operação de E/S foi anulada devido a uma saída de thread ou a uma requisição de aplicativo..
 ---> System.Net.Sockets.SocketException (995): A operação de E/S foi anulada devido a uma saída de thread ou a uma requisição de aplicativo.
   --- End of inner exception stack trace ---
   at System.Net.Sockets.Socket.AwaitableSocketAsyncEventArgs.System.Threading.Tasks.Sources.IValueTaskSource<System.Int32>.GetResult(Int16 token)
   at System.Net.Security.SslStream.EnsureFullTlsFrameAsync[TIOAdapter](CancellationToken cancellationToken, Int32 estimatedSize)
   at System.Runtime.CompilerServices.PoolingAsyncValueTaskMethodBuilder`1.StateMachineBox`1.System.Threading.Tasks.Sources.IValueTaskSource<TResult>.GetResult(Int16 token)
   at System.Net.Security.SslStream.ReadAsyncInternal[TIOAdapter](Memory`1 buffer, CancellationToken cancellationToken)
   at System.Runtime.CompilerServices.PoolingAsyncValueTaskMethodBuilder`1.StateMachineBox`1.System.Threading.Tasks.Sources.IValueTaskSource<TResult>.GetResult(Int16 token)
   at System.Net.Http.HttpConnection.SendAsync(HttpRequestMessage request, Boolean async, CancellationToken cancellationToken)
   --- End of inner exception stack trace ---
   at System.Net.Http.HttpConnection.SendAsync(HttpRequestMessage request, Boolean async, CancellationToken cancellationToken)
   at System.Net.Http.AuthenticationHelper.SendWithNtAuthAsync(HttpRequestMessage request, Uri authUri, Boolean async, ICredentials credentials, Boolean isProxyAuth, HttpConnection connection, HttpConnectionPool connectionPool, CancellationToken cancellationToken)
   at System.Net.Http.HttpConnectionPool.SendWithVersionDetectionAndRetryAsync(HttpRequestMessage request, Boolean async, Boolean doRequestAuth, CancellationToken cancellationToken)
   at System.Net.Http.AuthenticationHelper.SendWithAuthAsync(HttpRequestMessage request, Uri authUri, Boolean async, ICredentials credentials, Boolean preAuthenticate, Boolean isProxyAuth, Boolean doRequestAuth, HttpConnectionPool pool, CancellationToken cancellationToken)
   at System.Net.Http.RedirectHandler.SendAsync(HttpRequestMessage request, Boolean async, CancellationToken cancellationToken)
   at GitHub.Services.Common.RawHttpMessageHandler.SendAsync(HttpRequestMessage request, CancellationToken cancellationToken)
   at GitHub.Services.Common.VssHttpRetryMessageHandler.SendAsync(HttpRequestMessage request, CancellationToken cancellationToken)
   at System.Net.Http.HttpClient.<SendAsync>g__Core|83_0(HttpRequestMessage request, HttpCompletionOption completionOption, CancellationTokenSource cts, Boolean disposeCts, CancellationTokenSource pendingRequestsCts, CancellationToken originalCancellationToken)
[2026-06-05 01:21:16Z ERR  BrokerServer] #####################################################
[2026-06-05 01:21:16Z ERR  BrokerServer] System.IO.IOException: Unable to read data from the transport connection: A operação de E/S foi anulada devido a uma saída de thread ou a uma requisição de aplicativo..
 ---> System.Net.Sockets.SocketException (995): A operação de E/S foi anulada devido a uma saída de thread ou a uma requisição de aplicativo.
   --- End of inner exception stack trace ---
   at System.Net.Sockets.Socket.AwaitableSocketAsyncEventArgs.System.Threading.Tasks.Sources.IValueTaskSource<System.Int32>.GetResult(Int16 token)
   at System.Net.Security.SslStream.EnsureFullTlsFrameAsync[TIOAdapter](CancellationToken cancellationToken, Int32 estimatedSize)
   at System.Runtime.CompilerServices.PoolingAsyncValueTaskMethodBuilder`1.StateMachineBox`1.System.Threading.Tasks.Sources.IValueTaskSource<TResult>.GetResult(Int16 token)
   at System.Net.Security.SslStream.ReadAsyncInternal[TIOAdapter](Memory`1 buffer, CancellationToken cancellationToken)
   at System.Runtime.CompilerServices.PoolingAsyncValueTaskMethodBuilder`1.StateMachineBox`1.System.Threading.Tasks.Sources.IValueTaskSource<TResult>.GetResult(Int16 token)
   at System.Net.Http.HttpConnection.SendAsync(HttpRequestMessage request, Boolean async, CancellationToken cancellationToken)
[2026-06-05 01:21:16Z ERR  BrokerServer] #####################################################
[2026-06-05 01:21:16Z ERR  BrokerServer] System.Net.Sockets.SocketException (995): A operação de E/S foi anulada devido a uma saída de thread ou a uma requisição de aplicativo.
[2026-06-05 01:21:16Z WARN BrokerServer] Back off 10,505 seconds before next retry. 4 attempt left.
[2026-06-05 01:21:16Z INFO BrokerMessageListener] Get next message has been cancelled.
[2026-06-05 01:21:16Z INFO JobDispatcher] Shutting down JobDispatcher. Make sure all WorkerDispatcher has finished.
[2026-06-05 01:21:16Z INFO JobDispatcher] Ensure WorkerDispatcher for job 797a5c84-db85-5814-a265-14f0a304cf06 run to finish, cancel any running job.
[2026-06-05 01:21:16Z INFO JobDispatcher] Job request 797a5c84-db85-5814-a265-14f0a304cf06 processed succeed.
[2026-06-05 01:21:16Z INFO Runner] Deleting Runner Session...
[2026-06-05 01:21:16Z INFO Listener] Runner execution been cancelled.
